src/lib/ai/ollama-service.ts(84,5): error TS1128: Declaration or statement expected.
