Running JSON Repair Tests...

Test: Complete JSON
Input: {"Monday": [["09:00", "Math"]]}
Repaired: {"Monday": [["09:00", "Math"]]}
Γ£à Valid JSON
---

Test: Trailing Text (The Bug)
Input: {"Monday": [["09:00", "Math"]]} Note: I added Math.
Repaired: {"Monday": [["09:00", "Math"]]} Note: I added Math.
Γ¥î Invalid JSON: Unexpected non-whitespace character after JSON at position 32 (line 1 column 33)
---

Test: Truncated Array
Input: {"Monday": [["09:00", "Math"], ["10:00", "Phy
Repaired: {"Monday": [["09:00", "Math"], ["10:00", "Phy"]]}
Γ£à Valid JSON
---

Test: Truncated + Trailing Garbage
Input: {"Monday": [["09:00", "Math"]]} ...some noise
Repaired: {"Monday": [["09:00", "Math"]]} ...some noise
Γ¥î Invalid JSON: Unexpected non-whitespace character after JSON at position 32 (line 1 column 33)
---

