src/app/actions/flashcards-new.ts(20,31): error TS18048: 'ragRes.chunks' is possibly 'undefined'.
src/app/actions/flashcards-new.ts(21,23): error TS18048: 'ragRes.chunks' is possibly 'undefined'.
src/app/actions/quiz-new.ts(20,31): error TS18048: 'ragRes.chunks' is possibly 'undefined'.
src/app/actions/quiz-new.ts(21,23): error TS18048: 'ragRes.chunks' is possibly 'undefined'.
src/app/actions/quiz-new.ts(47,29): error TS2304: Cannot find name 'doc'.
src/app/actions/quiz-new.ts(48,22): error TS2304: Cannot find name 'doc'.
src/app/actions/quiz-new.ts(49,25): error TS2304: Cannot find name 'doc'.
src/app/actions/user.ts(13,13): error TS2322: Type '{ id: number; userId: string; name: string; email: string | null; avatar: string | null; onboarded: boolean | null; learningStyle: string | null; interests: string | null; goals: string | null; ... 6 more ...; createdAt: Date | null; } | null' is not assignable to type '{ id: number; userId: string; name: string; email: string | null; avatar: string | null; onboarded: boolean | null; learningStyle: string | null; interests: string | null; goals: string | null; ... 6 more ...; createdAt: Date | null; } | undefined'.
  Type 'null' is not assignable to type '{ id: number; userId: string; name: string; email: string | null; avatar: string | null; onboarded: boolean | null; learningStyle: string | null; interests: string | null; goals: string | null; ... 6 more ...; createdAt: Date | null; } | undefined'.
src/app/admin/page.tsx(29,37): error TS18048: 'mRes.mastery' is possibly 'undefined'.
src/app/admin/page.tsx(30,39): error TS18048: 'dRes.documents' is possibly 'undefined'.
src/app/admin/page.tsx(34,38): error TS2345: Argument of type '{ id: number; subject: string; topicId: string; masteryScore: number | null; xp: number | null; lastAssessmentDate: Date | null; confidenceHistory: string | null; }[] | undefined' is not assignable to parameter of type 'SetStateAction<any[]>'.
  Type 'undefined' is not assignable to type 'SetStateAction<any[]>'.
src/components/focus-timer.tsx(25,42): error TS2345: Argument of type '{ id: number; subject: string; topicId: string; masteryScore: number | null; xp: number | null; lastAssessmentDate: Date | null; confidenceHistory: string | null; }[] | undefined' is not assignable to parameter of type 'SetStateAction<any[]>'.
  Type 'undefined' is not assignable to type 'SetStateAction<any[]>'.
src/components/focus-timer.tsx(46,13): error TS2304: Cannot find name 'toast'.
src/components/focus-timer.tsx(76,9): error TS2304: Cannot find name 'toast'.
src/components/right-panel.tsx(5,34): error TS2307: Cannot find module '@/components/traceability-view' or its corresponding type declarations.
src/components/smart-scanner.tsx(59,43): error TS2345: Argument of type '{ canvasContext: CanvasRenderingContext2D; viewport: PageViewport; }' is not assignable to parameter of type 'RenderParameters'.
  Property 'canvas' is missing in type '{ canvasContext: CanvasRenderingContext2D; viewport: PageViewport; }' but required in type 'RenderParameters'.
src/components/smart-scanner.tsx(92,35): error TS2345: Argument of type '{ canvasContext: CanvasRenderingContext2D; viewport: PageViewport; }' is not assignable to parameter of type 'RenderParameters'.
  Property 'canvas' is missing in type '{ canvasContext: CanvasRenderingContext2D; viewport: PageViewport; }' but required in type 'RenderParameters'.
src/components/views/dashboard-view.tsx(28,43): error TS2345: Argument of type '{ id: number; subject: string; topicId: string; masteryScore: number | null; xp: number | null; lastAssessmentDate: Date | null; confidenceHistory: string | null; }[] | undefined' is not assignable to parameter of type 'SetStateAction<any[]>'.
  Type 'undefined' is not assignable to type 'SetStateAction<any[]>'.
src/components/views/document-view.tsx(63,20): error TS2345: Argument of type '{ id: number; title: string; description: string | null; subject: string | null; filePath: string; fileType: string; fileSize: number; content: string | null; summary: string | null; createdAt: Date; processed: boolean | null; }[] | undefined' is not assignable to parameter of type 'SetStateAction<any[]>'.
  Type 'undefined' is not assignable to type 'SetStateAction<any[]>'.
src/components/views/document-view.tsx(299,104): error TS18046: 'docs' is of type 'unknown'.
src/components/views/document-view.tsx(302,22): error TS18046: 'docs' is of type 'unknown'.
src/components/views/document-view.tsx(302,32): error TS7006: Parameter 'doc' implicitly has an 'any' type.
src/components/views/flashcards-view.tsx(46,36): error TS2345: Argument of type '{ id: number; title: string; subject: string | null; documentId: number | null; createdAt: Date; }[] | undefined' is not assignable to parameter of type 'SetStateAction<any[]>'.
  Type 'undefined' is not assignable to type 'SetStateAction<any[]>'.
src/components/views/flashcards-view.tsx(49,42): error TS2345: Argument of type '{ id: number; title: string; description: string | null; subject: string | null; filePath: string; fileType: string; fileSize: number; content: string | null; summary: string | null; createdAt: Date; processed: boolean | null; }[] | undefined' is not assignable to parameter of type 'SetStateAction<any[]>'.
  Type 'undefined' is not assignable to type 'SetStateAction<any[]>'.
src/components/views/flashcards-view.tsx(52,52): error TS2345: Argument of type '{ id: number; subject: string; topicId: string; masteryScore: number | null; xp: number | null; lastAssessmentDate: Date | null; confidenceHistory: string | null; }[] | undefined' is not assignable to parameter of type 'SetStateAction<any[]>'.
  Type 'undefined' is not assignable to type 'SetStateAction<any[]>'.
src/components/views/flashcards-view.tsx(278,31): error TS18048: 'dRes.decks' is possibly 'undefined'.
src/components/views/flashcards-view.tsx(282,40): error TS2345: Argument of type '{ id: number; deckId: number; front: string; back: string; interval: number | null; repetition: number | null; easeFactor: number | null; nextReview: Date | null; }[] | undefined' is not assignable to parameter of type 'SetStateAction<any[]>'.
  Type 'undefined' is not assignable to type 'SetStateAction<any[]>'.
src/components/views/notes-view.tsx(53,35): error TS2345: Argument of type '{ id: number; title: string | null; content: string | null; subject: string | null; color: string | null; updatedAt: Date | null; createdAt: Date | null; }[] | undefined' is not assignable to parameter of type 'SetStateAction<any[]>'.
  Type 'undefined' is not assignable to type 'SetStateAction<any[]>'.
src/components/views/quiz-view.tsx(53,30): error TS2345: Argument of type '{ id: number; title: string; description: string | null; subject: string | null; filePath: string; fileType: string; fileSize: number; content: string | null; summary: string | null; createdAt: Date; processed: boolean | null; }[] | undefined' is not assignable to parameter of type 'SetStateAction<any[]>'.
  Type 'undefined' is not assignable to type 'SetStateAction<any[]>'.
src/components/views/rl-scheduler-view.tsx(69,13): error TS2322: Type '"default" | "secondary"' is not assignable to type '"default" | "destructive" | null | undefined'.
  Type '"secondary"' is not assignable to type '"default" | "destructive" | null | undefined'.
src/components/views/settings-view.tsx(22,5): error TS2300: Duplicate identifier 'AlertDialog'.
src/components/views/settings-view.tsx(23,5): error TS2300: Duplicate identifier 'AlertDialogAction'.
src/components/views/settings-view.tsx(24,5): error TS2300: Duplicate identifier 'AlertDialogCancel'.
src/components/views/settings-view.tsx(25,5): error TS2300: Duplicate identifier 'AlertDialogContent'.
src/components/views/settings-view.tsx(26,5): error TS2300: Duplicate identifier 'AlertDialogDescription'.
src/components/views/settings-view.tsx(27,5): error TS2300: Duplicate identifier 'AlertDialogFooter'.
src/components/views/settings-view.tsx(28,5): error TS2300: Duplicate identifier 'AlertDialogHeader'.
src/components/views/settings-view.tsx(29,5): error TS2300: Duplicate identifier 'AlertDialogTitle'.
src/components/views/settings-view.tsx(126,5): error TS2300: Duplicate identifier 'AlertDialog'.
src/components/views/settings-view.tsx(127,5): error TS2300: Duplicate identifier 'AlertDialogAction'.
src/components/views/settings-view.tsx(128,5): error TS2300: Duplicate identifier 'AlertDialogCancel'.
src/components/views/settings-view.tsx(129,5): error TS2300: Duplicate identifier 'AlertDialogContent'.
src/components/views/settings-view.tsx(130,5): error TS2300: Duplicate identifier 'AlertDialogDescription'.
src/components/views/settings-view.tsx(131,5): error TS2300: Duplicate identifier 'AlertDialogFooter'.
src/components/views/settings-view.tsx(132,5): error TS2300: Duplicate identifier 'AlertDialogHeader'.
src/components/views/settings-view.tsx(133,5): error TS2300: Duplicate identifier 'AlertDialogTitle'.
src/components/views/settings-view.tsx(149,38): error TS2345: Argument of type '{ id: number; subject: string; topicId: string; masteryScore: number | null; xp: number | null; lastAssessmentDate: Date | null; confidenceHistory: string | null; }[] | undefined' is not assignable to parameter of type 'SetStateAction<any[]>'.
  Type 'undefined' is not assignable to type 'SetStateAction<any[]>'.
src/components/views/settings-view.tsx(301,49): error TS7006: Parameter 'g' implicitly has an 'any' type.
src/components/views/settings-view.tsx(301,52): error TS7006: Parameter 'i' implicitly has an 'any' type.
src/components/views/timetable-view.tsx(55,35): error TS2345: Argument of type '{ id: number; subject: string; day: string; startTime: string; endTime: string; room: string | null; type: string | null; active: boolean | null; }[] | undefined' is not assignable to parameter of type 'SetStateAction<any[]>'.
  Type 'undefined' is not assignable to type 'SetStateAction<any[]>'.
src/components/views/tracker-view-statscard.tsx(12,10): error TS2552: Cannot find name 'Card'. Did you mean 'cards'?
src/components/views/tracker-view-statscard.tsx(13,14): error TS2304: Cannot find name 'CardContent'.
src/components/views/tracker-view-statscard.tsx(24,15): error TS2304: Cannot find name 'CardContent'.
src/components/views/tracker-view-statscard.tsx(25,11): error TS2552: Cannot find name 'Card'. Did you mean 'cards'?
src/components/views/tracker-view.tsx(46,39): error TS2345: Argument of type '{ id: number; subject: string; description: string; priority: string | null; status: string | null; deadline: Date | null; }[] | undefined' is not assignable to parameter of type 'SetStateAction<any[]>'.
  Type 'undefined' is not assignable to type 'SetStateAction<any[]>'.
src/components/views/tracker-view.tsx(51,28): error TS18048: 'hRes.items' is possibly 'undefined'.
src/components/views/tracker-view.tsx(268,83): error TS7006: Parameter 'd' implicitly has an 'any' type.
src/components/views/tracker-view.tsx(357,74): error TS7006: Parameter 'd' implicitly has an 'any' type.
src/components/widgets/ai-tutor-floating.tsx(45,43): error TS2322: Type '{ isFloating: boolean; }' is not assignable to type 'IntrinsicAttributes'.
  Property 'isFloating' does not exist on type 'IntrinsicAttributes'.
src/lib/ai/grade-predictor.ts(70,28): error TS2339: Property 'completed' does not exist on type 'SQLiteTableWithColumns<{ name: "tracker"; schema: undefined; columns: { id: SQLiteColumn<{ name: "id"; tableName: "tracker"; dataType: "number"; columnType: "SQLiteInteger"; data: number; driverParam: number; notNull: true; hasDefault: true; ... 6 more ...; generated: undefined; }, {}, {}>; ... 4 more ...; deadline:...'.
src/lib/ai/grade-predictor.ts(71,29): error TS2339: Property 'date' does not exist on type 'SQLiteTableWithColumns<{ name: "tracker"; schema: undefined; columns: { id: SQLiteColumn<{ name: "id"; tableName: "tracker"; dataType: "number"; columnType: "SQLiteInteger"; data: number; driverParam: number; notNull: true; hasDefault: true; ... 6 more ...; generated: undefined; }, {}, {}>; ... 4 more ...; deadline:...'.
src/lib/ai/grade-predictor.ts(131,32): error TS2339: Property 'completed' does not exist on type 'SQLiteTableWithColumns<{ name: "tracker"; schema: undefined; columns: { id: SQLiteColumn<{ name: "id"; tableName: "tracker"; dataType: "number"; columnType: "SQLiteInteger"; data: number; driverParam: number; notNull: true; hasDefault: true; ... 6 more ...; generated: undefined; }, {}, {}>; ... 4 more ...; deadline:...'.
src/lib/ai/grade-predictor.ts(132,33): error TS2339: Property 'date' does not exist on type 'SQLiteTableWithColumns<{ name: "tracker"; schema: undefined; columns: { id: SQLiteColumn<{ name: "id"; tableName: "tracker"; dataType: "number"; columnType: "SQLiteInteger"; data: number; driverParam: number; notNull: true; hasDefault: true; ... 6 more ...; generated: undefined; }, {}, {}>; ... 4 more ...; deadline:...'.
src/lib/ai/grade-predictor.ts(133,33): error TS2339: Property 'date' does not exist on type 'SQLiteTableWithColumns<{ name: "tracker"; schema: undefined; columns: { id: SQLiteColumn<{ name: "id"; tableName: "tracker"; dataType: "number"; columnType: "SQLiteInteger"; data: number; driverParam: number; notNull: true; hasDefault: true; ... 6 more ...; generated: undefined; }, {}, {}>; ... 4 more ...; deadline:...'.
src/lib/ai/huggingface-engine.ts(53,13): error TS2322: Type 'string | undefined' is not assignable to type 'string'.
  Type 'undefined' is not assignable to type 'string'.
src/lib/ai/huggingface-engine.ts(71,17): error TS2322: Type 'string[]' is not assignable to type 'Blob | { image: ArrayBuffer | Blob; }'.
  Type 'string[]' is missing the following properties from type 'Blob': size, type, arrayBuffer, bytes, and 2 more.
